This is LuaHBTeX, Version 1.22.0 (TeX Live 2025/Debian)  (format=lualatex 2026.4.30)  29 AUG 2026 11:01
 restricted system commands enabled.
**graph-theory-symbol.dtx
(./graph-theory-symbol.dtx
LaTeX2e <2025-11-01>
L3 programming layer <2026-01-19>
Lua module: luaotfload 2024-12-03 v3.29 Lua based OpenType font support
Lua module: lualibs 2023-07-13 v2.76 ConTeXt Lua standard libraries.
Lua module: lualibs-extended 2023-07-13 v2.76 ConTeXt Lua libraries -- extended 
collection.
luaotfload | conf : Root cache directory is "/home/laurent/.texlive2025/texmf-va
r/luatex-cache/generic/names".
luaotfload | init : Loading fontloader "fontloader-2023-12-28.lua" from kpse-res
olved path "/usr/share/texlive/texmf-dist/tex/luatex/luaotfload/fontloader-2023-
12-28.lua".
Lua-only attribute luaotfload@noligature = 1
luaotfload | init : Context OpenType loader version 3.134
Inserting `luaotfload.node_processor' in `pre_linebreak_filter'.
Inserting `luaotfload.node_processor' in `hpack_filter'.
Inserting `luaotfload.glyph_stream' in `glyph_stream_provider'.
Inserting `luaotfload.define_font' in `define_font'.
Lua-only attribute luaotfload_color_attribute = 2
luaotfload | conf : Root cache directory is "/home/laurent/.texlive2025/texmf-va
r/luatex-cache/generic/names".
Inserting `luaotfload.harf.strip_prefix' in `find_opentype_file'.
Inserting `luaotfload.harf.strip_prefix' in `find_truetype_file'.
Removing  `luaotfload.glyph_stream' from `glyph_stream_provider'.
Inserting `luaotfload.harf.glyphstream' in `glyph_stream_provider'.
Inserting `luaotfload.harf.finalize_vlist' in `post_linebreak_filter'.
Inserting `luaotfload.harf.finalize_hlist' in `hpack_filter'.
Inserting `luaotfload.cleanup_files' in `wrapup_run'.
Inserting `luaotfload.harf.finalize_unicode' in `finish_pdffile'.
Inserting `luaotfload.glyphinfo' in `glyph_info'.
Lua-only attribute luaotfload.letterspace_done = 3
Inserting `luaotfload.aux.set_sscale_dimens' in `luaotfload.patch_font'.
Inserting `luaotfload.aux.set_font_index' in `luaotfload.patch_font'.
Inserting `luaotfload.aux.patch_cambria_domh' in `luaotfload.patch_font'.
Inserting `luaotfload.aux.fixup_fontdata' in `luaotfload.patch_font_unsafe'.
Inserting `luaotfload.aux.set_capheight' in `luaotfload.patch_font'.
Inserting `luaotfload.aux.set_xheight' in `luaotfload.patch_font'.
Inserting `luaotfload.rewrite_fontname' in `luaotfload.patch_font'.
Inserting `tracingstacklevels' in `input_level_string'.
File: graph-theory-symbol.dtx 

LaTeX Warning: You have requested file `',
               but the file provides `graph-theory-symbol'.

Package: graph-theory-symbol 2026/08/26 v1.0.0 A set of LaTeX commands to have 
symbols designed for Graph Theory
(/usr/share/texlive/texmf-dist/tex/latex/base/ltxdoc.cls
Document Class: ltxdoc 2024/02/08 v2.1j Standard LaTeX documentation class
*************************************
* Local config file ltxdoc.cfg used
*************************************
(/usr/share/texlive/texmf-dist/tex/latex/base/ltxdoc.cfg
File: ltxdoc.cfg 2022/06/14 v2.0d ltxdoc.cls configuration (LaTeX Project)
)
(/usr/share/texlive/texmf-dist/tex/latex/base/article.cls
Document Class: article 2025/01/22 v1.4n Standard LaTeX document class
(/usr/share/texlive/texmf-dist/tex/latex/base/size10.clo
File: size10.clo 2025/01/22 v1.4n Standard LaTeX file (size option)
luaotfload | db : Font names database loaded from /home/laurent/.texlive2025/tex
mf-var/luatex-cache/generic/names/luaotfload-names.luc.gz)
\c@part=\count273
\c@section=\count274
\c@subsection=\count275
\c@subsubsection=\count276
\c@paragraph=\count277
\c@subparagraph=\count278
\c@figure=\count279
\c@table=\count280
\abovecaptionskip=\skip49
\belowcaptionskip=\skip50
\bibindent=\dimen147
)
(/usr/share/texlive/texmf-dist/tex/latex/base/doc.sty
Package: doc 2024/12/25 v3.0q Standard LaTeX documentation package V3 (FMi)
\c@StandardModuleDepth=\count281
\guard@level=\count282
\MacrocodeTopsep=\skip51
\MacroIndent=\dimen148
\macro@cnt=\count283
\MacroTopsep=\skip52
\IndexMin=\dimen149
\c@IndexColumns=\count284

(/usr/share/texlive/texmf-dist/tex/latex/tools/multicol.sty
Package: multicol 2025/10/21 v2.0b multicolumn formatting (FMi)
\c@tracingmulticols=\count285
\mult@box=\box53
\multicol@leftmargin=\dimen150
\c@unbalance=\count286
\c@collectmore=\count287
\doublecol@number=\count288
\multicoltolerance=\count289
\multicolpretolerance=\count290
\full@width=\dimen151
\page@free=\dimen152
\premulticols=\dimen153
\postmulticols=\dimen154
\multicolsep=\skip53
\multicolbaselineskip=\skip54
\partial@page=\box54
\last@line=\box55
\mc@boxedresult=\box56
\maxbalancingoverflow=\dimen155
\mult@rightbox=\box57
\mult@grightbox=\box58
\mult@firstbox=\box59
\mult@gfirstbox=\box60
\@tempa=\box61
\@tempa=\box62
\@tempa=\box63
\@tempa=\box64
\@tempa=\box65
\@tempa=\box66
\@tempa=\box67
\@tempa=\box68
\@tempa=\box69
\@tempa=\box70
\@tempa=\box71
\@tempa=\box72
\@tempa=\box73
\@tempa=\box74
\@tempa=\box75
\@tempa=\box76
\@tempa=\box77
\@tempa=\box78
\@tempa=\box79
\@tempa=\box80
\@tempa=\box81
\@tempa=\box82
\@tempa=\box83
\@tempa=\box84
\@tempa=\box85
\@tempa=\box86
\@tempa=\box87
\@tempa=\box88
\@tempa=\box89
\@tempa=\box90
\@tempa=\box91
\@tempa=\box92
\@tempa=\box93
\@tempa=\box94
\@tempa=\box95
\@tempa=\box96
\c@minrows=\count291
\c@columnbadness=\count292
\c@finalcolumnbadness=\count293
\last@try=\dimen156
\multicolovershoot=\dimen157
\multicolundershoot=\dimen158
\mult@nat@firstbox=\box97
\colbreak@box=\box98
\mc@col@check@num=\count294
\g__mc_curr_col_int=\count295
)
\GlossaryMin=\dimen159
\c@GlossaryColumns=\count296
\check@sum=\count297
\bslash@cnt=\count298
\wrong@table=\toks17
\c@CodelineNo=\count299
\@temptokenb=\toks18
))
(/usr/share/texlive/texmf-dist/tex/latex/geometry/geometry.sty
Package: geometry 2020/01/02 v5.9 Page Geometry

(/usr/share/texlive/texmf-dist/tex/latex/graphics/keyval.sty
Package: keyval 2022/05/29 v1.15 key=value parser (DPC)
\KV@toks@=\toks19
)
(/usr/share/texlive/texmf-dist/tex/generic/iftex/ifvtex.sty
Package: ifvtex 2019/10/25 v1.7 ifvtex legacy package. Use iftex instead.

(/usr/share/texlive/texmf-dist/tex/generic/iftex/iftex.sty
Package: iftex 2024/12/12 v1.0g TeX engine tests
))
\Gm@cnth=\count300
\Gm@cntv=\count301
\c@Gm@tempcnt=\count302
\Gm@bindingoffset=\dimen160
\Gm@wd@mp=\dimen161
\Gm@odd@mp=\dimen162
\Gm@even@mp=\dimen163
\Gm@layoutwidth=\dimen164
\Gm@layoutheight=\dimen165
\Gm@layouthoffset=\dimen166
\Gm@layoutvoffset=\dimen167
\Gm@dimlist=\toks20
)
(/usr/share/texlive/texmf-dist/tex/latex/hypdoc/hypdoc.sty
Package: hypdoc 2023-10-26 v1.19 Hyper extensions for doc.sty (HO)

(/usr/share/texlive/texmf-dist/tex/latex/base/atveryend-ltx.sty
Package: atveryend-ltx 2020/08/19 v1.0a Emulation of the original atveryend pac
kage
with kernel methods
)
(/usr/share/texlive/texmf-dist/tex/latex/hyperref/hyperref.sty
Package: hyperref 2025-07-12 v7.01o Hypertext links for LaTeX

(/usr/share/texlive/texmf-dist/tex/latex/kvsetkeys/kvsetkeys.sty
Package: kvsetkeys 2022-10-05 v1.19 Key value parser (HO)
)
(/usr/share/texlive/texmf-dist/tex/generic/kvdefinekeys/kvdefinekeys.sty
Package: kvdefinekeys 2019-12-19 v1.6 Define keys (HO)
)
(/usr/share/texlive/texmf-dist/tex/generic/pdfescape/pdfescape.sty
Package: pdfescape 2019/12/09 v1.15 Implements pdfTeX's escape features (HO)

(/usr/share/texlive/texmf-dist/tex/generic/ltxcmds/ltxcmds.sty
Package: ltxcmds 2023-12-04 v1.26 LaTeX kernel commands for general use (HO)
)
(/usr/share/texlive/texmf-dist/tex/generic/pdftexcmds/pdftexcmds.sty
Package: pdftexcmds 2020-06-27 v0.33 Utility functions of pdfTeX for LuaTeX (HO
)

(/usr/share/texlive/texmf-dist/tex/generic/infwarerr/infwarerr.sty
Package: infwarerr 2019/12/03 v1.5 Providing info/warning/error messages (HO)
)
Package pdftexcmds Info: \pdf@primitive is available.
Package pdftexcmds Info: \pdf@ifprimitive is available.
Package pdftexcmds Info: \pdfdraftmode found.
\pdftexcmds@toks=\toks21
))
(/usr/share/texlive/texmf-dist/tex/latex/hycolor/hycolor.sty
Package: hycolor 2020-01-27 v1.10 Color options for hyperref/bookmark (HO)
)
(/usr/share/texlive/texmf-dist/tex/latex/hyperref/nameref.sty
Package: nameref 2025-06-21 v2.57 Cross-referencing by name of section

(/usr/share/texlive/texmf-dist/tex/latex/refcount/refcount.sty
Package: refcount 2019/12/15 v3.6 Data extraction from label references (HO)
)
(/usr/share/texlive/texmf-dist/tex/generic/gettitlestring/gettitlestring.sty
Package: gettitlestring 2019/12/15 v1.6 Cleanup title references (HO)

(/usr/share/texlive/texmf-dist/tex/latex/kvoptions/kvoptions.sty
Package: kvoptions 2022-06-15 v3.15 Key value format for package options (HO)
))
\c@section@level=\count303
)
(/usr/share/texlive/texmf-dist/tex/latex/etoolbox/etoolbox.sty
Package: etoolbox 2025/10/02 v2.5m e-TeX tools for LaTeX (JAW)
\etb@tempcnta=\count304
)
(/usr/share/texlive/texmf-dist/tex/generic/stringenc/stringenc.sty
Package: stringenc 2019/11/29 v1.12 Convert strings between diff. encodings (HO
)
)
\@linkdim=\dimen168
\Hy@linkcounter=\count305
\Hy@pagecounter=\count306

(/usr/share/texlive/texmf-dist/tex/latex/hyperref/pd1enc.def
File: pd1enc.def 2025-07-12 v7.01o Hyperref: PDFDocEncoding definition (HO)
)
(/usr/share/texlive/texmf-dist/tex/generic/intcalc/intcalc.sty
Package: intcalc 2019/12/15 v1.3 Expandable calculations with integers (HO)
)
\Hy@SavedSpaceFactor=\count307

(/usr/share/texlive/texmf-dist/tex/latex/hyperref/puenc.def
File: puenc.def 2025-07-12 v7.01o Hyperref: PDF Unicode definition (HO)
)
Package hyperref Info: Option `hyperindex' set `false' on input line 4066.
Package hyperref Info: Option `pdfusetitle' set `true' on input line 4066.
Package hyperref Info: Hyper figures OFF on input line 4195.
Package hyperref Info: Link nesting OFF on input line 4200.
Package hyperref Info: Hyper index OFF on input line 4205.
Package hyperref Info: Plain pages OFF on input line 4210.
Package hyperref Info: Backreferencing OFF on input line 4215.
Package hyperref Info: Implicit mode ON; LaTeX internals redefined.
Package hyperref Info: Bookmarks ON on input line 4462.
\c@Hy@tempcnt=\count308

(/usr/share/texlive/texmf-dist/tex/latex/url/url.sty
\Urlmuskip=\muskip17
Package: url 2013/09/16  ver 3.4  Verb mode for urls, etc.
)
LaTeX Info: Redefining \url on input line 4801.
\XeTeXLinkMargin=\dimen169

(/usr/share/texlive/texmf-dist/tex/generic/bitset/bitset.sty
Package: bitset 2019/12/09 v1.3 Handle bit-vector datatype (HO)

(/usr/share/texlive/texmf-dist/tex/generic/bigintcalc/bigintcalc.sty
Package: bigintcalc 2019/12/15 v1.5 Expandable calculations on big integers (HO
)
))
\Fld@menulength=\count309
\Field@Width=\dimen170
\Fld@charsize=\dimen171
Package hyperref Info: Hyper figures OFF on input line 6078.
Package hyperref Info: Link nesting OFF on input line 6083.
Package hyperref Info: Hyper index OFF on input line 6088.
Package hyperref Info: backreferencing OFF on input line 6093.
Package hyperref Info: Link coloring OFF on input line 6098.
Package hyperref Info: Link coloring with OCG OFF on input line 6103.
Package hyperref Info: PDF/A mode OFF on input line 6108.
\Hy@abspage=\count310
\c@Item=\count311
\c@Hfootnote=\count312
)
Package hyperref Info: Driver (autodetected): hluatex.

(/usr/share/texlive/texmf-dist/tex/latex/hyperref/hluatex.def
File: hluatex.def 2025-07-12 v7.01o Hyperref driver for luaTeX
\Fld@listcount=\count313
\c@bookmark@seq@number=\count314

(/usr/share/texlive/texmf-dist/tex/latex/rerunfilecheck/rerunfilecheck.sty
Package: rerunfilecheck 2025-06-21 v1.11 Rerun checks for auxiliary files (HO)

(/usr/share/texlive/texmf-dist/tex/generic/uniquecounter/uniquecounter.sty
Package: uniquecounter 2019/12/15 v1.4 Provide unlimited unique counter (HO)
)
Package uniquecounter Info: New unique counter `rerunfilecheck' on input line 2
84.
)
\Hy@SectionHShift=\skip55
)
Package hyperref Info: Option `colorlinks' set `true' on input line 75.
Package hyperref Info: Option `plainpages' set `false' on input line 75.
Package hyperref Info: Option `bookmarksopen' set `true' on input line 75.
Package hyperref Info: Option `bookmarksnumbered' set `true' on input line 75.
\c@HD@unique=\count315
\c@HD@hypercount=\count316
\HD@helplength=\skip56
)
(/usr/share/texlive/texmf-dist/tex/latex/tools/longtable.sty
Package: longtable 2025-10-13 v4.24 Multi-page Table package (DPC)
\LTleft=\skip57
\LTright=\skip58
\LTpre=\skip59
\LTpost=\skip60
\LTchunksize=\count317
\LTcapwidth=\dimen172
\LT@head=\box99
\LT@firsthead=\box100
\LT@foot=\box101
\LT@lastfoot=\box102
\LT@gbox=\box103
\LT@cols=\count318
\LT@rows=\count319
\c@LT@tables=\count320
\c@LT@chunks=\count321
\LT@p@ftn=\toks22
)
(/usr/share/texlive/texmf-dist/tex/latex/idxlayout/idxlayout.sty
Package: idxlayout 2012/03/30 v0.4d Configurable index layout
\c@idxcols=\count322
\indexcolsep=\skip61
\indexrule=\skip62
\ila@indentunit=\skip63
\ila@initsep=\skip64
)
(./graph-theory-symbol.sty
Package: graph-theory-symbol 2026/08/26 v1.0.0 A set of LaTeX commands to have 
symbols designed for Graph Theory

(/usr/share/texlive/texmf-dist/tex/latex/amsmath/amsmath.sty
Package: amsmath 2025/07/09 v2.17z AMS math features
\@mathmargin=\skip65

For additional information on amsmath, use the `?' option.
(/usr/share/texlive/texmf-dist/tex/latex/amsmath/amstext.sty
Package: amstext 2024/11/17 v2.01 AMS text

(/usr/share/texlive/texmf-dist/tex/latex/amsmath/amsgen.sty
File: amsgen.sty 1999/11/30 v2.0 generic functions
\@emptytoks=\toks23
\ex@=\dimen173
))
(/usr/share/texlive/texmf-dist/tex/latex/amsmath/amsbsy.sty
Package: amsbsy 1999/11/29 v1.2d Bold Symbols
\pmbraise@=\dimen174
)
(/usr/share/texlive/texmf-dist/tex/latex/amsmath/amsopn.sty
Package: amsopn 2022/04/08 v2.04 operator names
)
\inf@bad=\count323
LaTeX Info: Redefining \frac on input line 235.
\uproot@=\count324
\leftroot@=\count325
LaTeX Info: Redefining \overline on input line 398.
LaTeX Info: Redefining \colon on input line 409.
\classnum@=\count326
\DOTSCASE@=\count327
LaTeX Info: Redefining \ldots on input line 495.
LaTeX Info: Redefining \dots on input line 498.
LaTeX Info: Redefining \cdots on input line 619.
\Mathstrutbox@=\box104
\strutbox@=\box105
LaTeX Info: Redefining \big on input line 721.
LaTeX Info: Redefining \Big on input line 722.
LaTeX Info: Redefining \bigg on input line 723.
LaTeX Info: Redefining \Bigg on input line 724.
\big@size=\dimen175
LaTeX Font Info:    Redeclaring font encoding OML on input line 742.
LaTeX Font Info:    Redeclaring font encoding OMS on input line 743.
\macc@depth=\count328
LaTeX Info: Redefining \bmod on input line 904.
LaTeX Info: Redefining \pmod on input line 909.
LaTeX Info: Redefining \smash on input line 939.
LaTeX Info: Redefining \relbar on input line 969.
LaTeX Info: Redefining \Relbar on input line 970.
\c@MaxMatrixCols=\count329
\dotsspace@=\muskip18
\c@parentequation=\count330
\dspbrk@lvl=\count331
\tag@help=\toks24
\row@=\count332
\column@=\count333
\maxfields@=\count334
\andhelp@=\toks25
\eqnshift@=\dimen176
\alignsep@=\dimen177
\tagshift@=\dimen178
\tagwidth@=\dimen179
\totwidth@=\dimen180
\lineht@=\dimen181
\@envbody=\toks26
\multlinegap=\skip66
\multlinetaggap=\skip67
\mathdisplay@stack=\toks27
LaTeX Info: Redefining \[ on input line 2950.
LaTeX Info: Redefining \] on input line 2951.
)
(/usr/share/texlive/texmf-dist/tex/latex/amsfonts/amssymb.sty
Package: amssymb 2013/01/14 v3.01 AMS font symbols

(/usr/share/texlive/texmf-dist/tex/latex/amsfonts/amsfonts.sty
Package: amsfonts 2013/01/14 v3.01 Basic AMSFonts support
\symAMSa=\mathgroup4
\symAMSb=\mathgroup5
LaTeX Font Info:    Redeclaring math symbol \hbar on input line 98.
LaTeX Font Info:    Overwriting math alphabet `\mathfrak' in version `bold'
(Font)                  U/euf/m/n --> U/euf/b/n on input line 106.
))
(/usr/share/texlive/texmf-dist/tex/latex/graphics/graphicx.sty
Package: graphicx 2024/12/31 v1.2e Enhanced LaTeX Graphics (DPC,SPQR)

(/usr/share/texlive/texmf-dist/tex/latex/graphics/graphics.sty
Package: graphics 2024/08/06 v1.4g Standard LaTeX Graphics (DPC,SPQR)

(/usr/share/texlive/texmf-dist/tex/latex/graphics/trig.sty
Package: trig 2023/12/02 v1.11 sin cos tan (DPC)
)
(/usr/share/texlive/texmf-dist/tex/latex/graphics-cfg/graphics.cfg
File: graphics.cfg 2016/06/04 v1.11 sample graphics configuration
)
Package graphics Info: Driver file: luatex.def on input line 106.

(/usr/share/texlive/texmf-dist/tex/latex/graphics-def/luatex.def
File: luatex.def 2025/09/29 v1.2f Graphics/color driver for luatex
))
\Gin@req@height=\dimen182
\Gin@req@width=\dimen183
)
(/usr/share/texlive/texmf-dist/tex/latex/fdsymbol/fdsymbol.sty
Package: fdsymbol 2025/02/17 v1.0 FdSymbol support package

(/usr/share/texlive/texmf-dist/tex/latex/xkeyval/xkeyval.sty
Package: xkeyval 2025/11/04 v2.10 package option processing (HA)

(/usr/share/texlive/texmf-dist/tex/generic/xkeyval/xkeyval.tex
(/usr/share/texlive/texmf-dist/tex/generic/xkeyval/xkvutils.tex
\XKV@toks=\toks28
\XKV@tempa@toks=\toks29
\XKV@tempb@toks=\toks30
)
\XKV@depth=\count335
File: xkeyval.tex 2014/12/03 v2.7a key=value parser (HA)
))
(/usr/share/texlive/texmf-dist/tex/latex/base/textcomp.sty
Package: textcomp 2024/04/24 v2.1b Standard LaTeX package
)
LaTeX Info: Redefining \dagger on input line 81.
LaTeX Info: Redefining \ddagger on input line 82.
LaTeX Info: Redefining \mathparagraph on input line 83.
LaTeX Info: Redefining \mathsection on input line 84.
LaTeX Info: Redefining \mathdollar on input line 85.
LaTeX Info: Redefining \mathsterling on input line 86.
LaTeX Info: Redefining \yen on input line 87.
LaTeX Info: Redefining \circledR on input line 88.
LaTeX Info: Redefining \circledS on input line 90.
LaTeX Info: Redefining \Re on input line 92.
LaTeX Info: Redefining \Im on input line 93.
LaTeX Info: Redefining \thicksim on input line 95.
LaTeX Info: Redefining \thickapprox on input line 96.
LaTeX Info: Redefining \centerdot on input line 101.
LaTeX Font Info:    Redeclaring symbol font `symbols' on input line 180.
LaTeX Font Info:    Encoding `OMS' has changed to `U' for symbol font
(Font)              `symbols' in the math version `normal' on input line 180.
LaTeX Font Info:    Overwriting symbol font `symbols' in version `normal'
(Font)                  OMS/cmsy/m/n --> U/FdSymbolA/m/n on input line 180.
LaTeX Font Info:    Encoding `OMS' has changed to `U' for symbol font
(Font)              `symbols' in the math version `bold' on input line 180.
LaTeX Font Info:    Overwriting symbol font `symbols' in version `bold'
(Font)                  OMS/cmsy/b/n --> U/FdSymbolA/m/n on input line 180.
\symrelations=\mathgroup6
\symarrows=\mathgroup7
\symnarrows=\mathgroup8
LaTeX Font Info:    Redeclaring symbol font `largesymbols' on input line 184.
LaTeX Font Info:    Encoding `OMX' has changed to `U' for symbol font
(Font)              `largesymbols' in the math version `normal' on input line 1
84.
LaTeX Font Info:    Overwriting symbol font `largesymbols' in version `normal'
(Font)                  OMX/cmex/m/n --> U/FdSymbolE/m/n on input line 184.
LaTeX Font Info:    Encoding `OMX' has changed to `U' for symbol font
(Font)              `largesymbols' in the math version `bold' on input line 184
.
LaTeX Font Info:    Overwriting symbol font `largesymbols' in version `bold'
(Font)                  OMX/cmex/m/n --> U/FdSymbolE/m/n on input line 184.
\symdelimiters=\mathgroup9
LaTeX Font Info:    Overwriting symbol font `symbols' in version `bold'
(Font)                  U/FdSymbolA/m/n --> U/FdSymbolA/b/n on input line 186.
LaTeX Font Info:    Overwriting symbol font `relations' in version `bold'
(Font)                  U/FdSymbolB/m/n --> U/FdSymbolB/b/n on input line 187.
LaTeX Font Info:    Overwriting symbol font `arrows' in version `bold'
(Font)                  U/FdSymbolC/m/n --> U/FdSymbolC/b/n on input line 188.
LaTeX Font Info:    Overwriting symbol font `narrows' in version `bold'
(Font)                  U/FdSymbolD/m/n --> U/FdSymbolD/b/n on input line 189.
LaTeX Font Info:    Overwriting symbol font `largesymbols' in version `bold'
(Font)                  U/FdSymbolE/m/n --> U/FdSymbolE/b/n on input line 190.
LaTeX Font Info:    Overwriting symbol font `delimiters' in version `bold'
(Font)                  U/FdSymbolF/m/n --> U/FdSymbolF/b/n on input line 191.
LaTeX Font Info:    Redeclaring math alphabet \mathcal on input line 192.
LaTeX Font Info:    Overwriting math alphabet `\mathcal' in version `bold'
(Font)                  OMS/cmsy/m/n --> OMS/cmsy/b/n on input line 193.
LaTeX Font Info:    Redeclaring math alphabet \mathbb on input line 194.
LaTeX Font Info:    Redeclaring math alphabet \mathfrak on input line 195.
LaTeX Font Info:    Overwriting math alphabet `\mathfrak' in version `normal'
(Font)                  U/euf/m/n --> U/euf/m/n on input line 195.
LaTeX Font Info:    Overwriting math alphabet `\mathfrak' in version `bold'
(Font)                  U/euf/b/n --> U/euf/m/n on input line 195.
LaTeX Font Info:    Overwriting math alphabet `\mathfrak' in version `bold'
(Font)                  U/euf/m/n --> U/euf/b/n on input line 196.
LaTeX Info: Redefining \vdots on input line 221.
LaTeX Info: Redefining \relbar on input line 1205.
LaTeX Info: Redefining \Relbar on input line 1206.
LaTeX Font Info:    Redeclaring math accent \widehat on input line 1796.
LaTeX Font Info:    Redeclaring math accent \widetilde on input line 1797.
LaTeX Font Info:    Redeclaring math accent \vec on input line 1799.
LaTeX Font Info:    Redeclaring math symbol \setminus on input line 1902.
LaTeX Font Info:    Redeclaring math symbol \mid on input line 1907.
LaTeX Font Info:    Redeclaring math symbol \nmid on input line 1908.
LaTeX Font Info:    Redeclaring math symbol \parallel on input line 1912.
LaTeX Font Info:    Redeclaring math symbol \nparallel on input line 1913.
LaTeX Font Info:    Redeclaring math symbol \shortmid on input line 1921.
LaTeX Font Info:    Redeclaring math symbol \nshortmid on input line 1922.
LaTeX Font Info:    Redeclaring math symbol \shortparallel on input line 1923.
LaTeX Font Info:    Redeclaring math symbol \nshortparallel on input line 1924.

LaTeX Font Info:    Redeclaring math symbol \braceld on input line 1944.
LaTeX Font Info:    Redeclaring math symbol \bracelu on input line 1945.
LaTeX Font Info:    Redeclaring math symbol \bracerd on input line 1946.
LaTeX Font Info:    Redeclaring math symbol \braceru on input line 1947.
LaTeX Info: Redefining \overbrace on input line 1963.
LaTeX Info: Redefining \underbrace on input line 1966.
LaTeX Font Info:    Redeclaring math symbol \surd on input line 1980.
)
(/usr/share/texlive/texmf-dist/tex/lualatex/lua-unicode-math/lua-unicode-math.s
ty
Package: lua-unicode-math 2026-01-15 v0.6 Opentype Math support for LuaLaTeX
\g__l_uni_math_font_count_int=\count336
\symlummain=\mathgroup10
LaTeX Font Info:    Overwriting symbol font `lummain' in version `bold'
(Font)                  TU/lmm/m/n --> TU/lmm/b/n on input line 169.
\mathfamattr=\attribute4
Lua-only attribute leftroot = 5
Lua-only attribute uproot = 6
Inserting `lua-unicode-math' in `pre_mlist_to_hlist_filter'.
Custom whatsit prime = 1
Lua function prime_helper:w = 31
Custom whatsit not = 2
Lua function not = 32
Custom whatsit dots = 3
Lua function dots = 33
Lua function __l_uni_math_set_previous_dots_type:w = 34
Lua function __l_uni_math_uproot:w = 35
Lua function __l_uni_math_leftroot:w = 36
Lua function __l_uni_math_is_integral_cp:wTF = 37 (/usr/share/texlive/texmf-dis
t/tex/latex/unicode-math/unicode-math-table.tex)) (/usr/share/texlive/texmf-dis
t/tex/latex/xcolor/xcolor.sty
Package: xcolor 2024/09/29 v3.02 LaTeX color extensions (UK)

(/usr/share/texlive/texmf-dist/tex/latex/graphics-cfg/color.cfg
File: color.cfg 2016/01/02 v1.6 sample color configuration
)
Package xcolor Info: Driver file: luatex.def on input line 274.

(/usr/share/texlive/texmf-dist/tex/latex/graphics/mathcolor.ltx)
Package xcolor Info: Model `cmy' substituted by `cmy0' on input line 1349.
Package xcolor Info: Model `hsb' substituted by `rgb' on input line 1353.
Package xcolor Info: Model `RGB' extended on input line 1365.
Package xcolor Info: Model `HTML' substituted by `rgb' on input line 1367.
Package xcolor Info: Model `Hsb' substituted by `hsb' on input line 1368.
Package xcolor Info: Model `tHsb' substituted by `hsb' on input line 1369.
Package xcolor Info: Model `HSB' substituted by `hsb' on input line 1370.
Package xcolor Info: Model `Gray' substituted by `gray' on input line 1371.
Package xcolor Info: Model `wave' substituted by `hsb' on input line 1372.
))
\@indexfile=\write3

\openout3 = graph-theory-symbol.idx

Writing index file graph-theory-symbol.idx
\@glossaryfile=\write4

\openout4 = graph-theory-symbol.glo
Writing glossary file graph-theory-symbol.glo 
(/usr/share/texlive/texmf-dist/tex/latex/ragged2e/ragged2e.sty
Package: ragged2e 2023/06/22 v3.6 ragged2e Package
\CenteringLeftskip=\skip68
\RaggedLeftLeftskip=\skip69
\RaggedRightLeftskip=\skip70
\CenteringRightskip=\skip71
\RaggedLeftRightskip=\skip72
\RaggedRightRightskip=\skip73
\CenteringParfillskip=\skip74
\RaggedLeftParfillskip=\skip75
\RaggedRightParfillskip=\skip76
\JustifyingParfillskip=\skip77
\CenteringParindent=\skip78
\RaggedLeftParindent=\skip79
\RaggedRightParindent=\skip80
\JustifyingParindent=\skip81
)
(/usr/share/texlive/texmf-dist/tex/latex/l3backend/l3backend-luatex.def
File: l3backend-luatex.def 2025-10-09 L3 backend support: PDF output (LuaTeX)
\l__color_backend_stack_int=\count337
Inserting `l3color' in `luaotfload.parse_color'.)
(./graph-theory-symbol.aux)
\openout1 = graph-theory-symbol.aux

LaTeX Font Info:    Checking defaults for OML/cmm/m/it on input line 57.
LaTeX Font Info:    ... okay on input line 57.
LaTeX Font Info:    Checking defaults for OMS/cmsy/m/n on input line 57.
LaTeX Font Info:    ... okay on input line 57.
LaTeX Font Info:    Checking defaults for OT1/cmr/m/n on input line 57.
LaTeX Font Info:    ... okay on input line 57.
LaTeX Font Info:    Checking defaults for T1/cmr/m/n on input line 57.
LaTeX Font Info:    ... okay on input line 57.
LaTeX Font Info:    Checking defaults for TS1/cmr/m/n on input line 57.
LaTeX Font Info:    ... okay on input line 57.
LaTeX Font Info:    Checking defaults for TU/lmr/m/n on input line 57.
LaTeX Font Info:    ... okay on input line 57.
LaTeX Font Info:    Checking defaults for OMX/cmex/m/n on input line 57.
LaTeX Font Info:    ... okay on input line 57.
LaTeX Font Info:    Checking defaults for U/cmr/m/n on input line 57.
LaTeX Font Info:    ... okay on input line 57.
LaTeX Font Info:    Checking defaults for PD1/pdf/m/n on input line 57.
LaTeX Font Info:    ... okay on input line 57.
LaTeX Font Info:    Checking defaults for PU/pdf/m/n on input line 57.
LaTeX Font Info:    ... okay on input line 57.
Package doc Info: Made | a short reference for \verb on input line 57.

*geometry* driver: auto-detecting
*geometry* detected driver: luatex
*geometry* verbose mode - [ preamble ] result:
* driver: luatex
* paper: a4paper
* layout: <same size as paper>
* layoutoffset:(h,v)=(0.0pt,0.0pt)
* modes: 
* h-part:(L,W,R)=(142.26378pt, 398.3386pt, 56.9055pt)
* v-part:(T,H,B)=(56.9055pt, 731.23584pt, 56.9055pt)
* \paperwidth=597.50787pt
* \paperheight=845.04684pt
* \textwidth=398.3386pt
* \textheight=731.23584pt
* \oddsidemargin=69.99379pt
* \evensidemargin=69.99379pt
* \topmargin=-15.36449pt
* \headheight=0.0pt
* \headsep=0.0pt
* \topskip=10.0pt
* \footskip=30.0pt
* \marginparwidth=126.0pt
* \marginparsep=5.0pt
* \columnsep=10.0pt
* \skip\footins=9.0pt plus 4.0pt minus 2.0pt
* \hoffset=0.0pt
* \voffset=0.0pt
* \mag=1000
* \@twocolumnfalse
* \@twosidefalse
* \@mparswitchfalse
* \@reversemargintrue
* (1in=72.27pt=25.4mm, 1cm=28.453pt)

Package hyperref Info: Link coloring ON on input line 57.
(./graph-theory-symbol.out) (./graph-theory-symbol.out)
\@outlinefile=\write5

\openout5 = graph-theory-symbol.out

(./graph-theory-symbol.hd)
\HD@savedest@out=\write6

\openout6 = graph-theory-symbol.hd

(/usr/share/texlive/texmf-dist/tex/context/base/mkii/supp-pdf.mkii
[Loading MPS to PDF converter (version 2006.09.02).]
\scratchcounter=\count338
\scratchdimen=\dimen184
\scratchbox=\box106
\nofMPsegments=\count339
\nofMParguments=\count340
\everyMPshowfont=\toks31
\MPscratchCnt=\count341
\MPscratchDim=\dimen185
\MPnumerator=\count342
\makeMPintoPDFobject=\count343
\everyMPtoPDFconversion=\toks32
) (/usr/share/texlive/texmf-dist/tex/latex/epstopdf-pkg/epstopdf-base.sty
Package: epstopdf-base 2020-01-24 v2.11 Base part for package epstopdf
Package epstopdf-base Info: Redefining graphics rule for `.eps' on input line 4
85.

(/usr/share/texlive/texmf-dist/tex/latex/latexconfig/epstopdf-sys.cfg
File: epstopdf-sys.cfg 2010/07/13 v1.3 Configuration of (r)epstopdf for TeX Liv
e
))
(./graph-theory-symbol.dtx
LaTeX Font Info:    Font shape `U/FdSymbolA/m/n' will be
(Font)              scaled to size 17.28pt on input line 78.
LaTeX Font Info:    Font shape `U/FdSymbolA/m/n' will be
(Font)              scaled to size 12.0pt on input line 78.
LaTeX Font Info:    Font shape `U/FdSymbolA/m/n' will be
(Font)              scaled to size 10.0pt on input line 78.
LaTeX Font Info:    Font shape `U/FdSymbolE/m/n' will be
(Font)              scaled to size 17.28pt on input line 78.
LaTeX Font Info:    Font shape `U/FdSymbolE/m/n' will be
(Font)              scaled to size 12.0pt on input line 78.
LaTeX Font Info:    Font shape `U/FdSymbolE/m/n' will be
(Font)              scaled to size 10.0pt on input line 78.
LaTeX Font Info:    Trying to load font information for U+msa on input line 78.


(/usr/share/texlive/texmf-dist/tex/latex/amsfonts/umsa.fd
File: umsa.fd 2013/01/14 v3.01 AMS symbols A
)
LaTeX Font Info:    Trying to load font information for U+msb on input line 78.


(/usr/share/texlive/texmf-dist/tex/latex/amsfonts/umsb.fd
File: umsb.fd 2013/01/14 v3.01 AMS symbols B
)
LaTeX Font Info:    Font shape `U/FdSymbolB/m/n' will be
(Font)              scaled to size 17.28pt on input line 78.
LaTeX Font Info:    Font shape `U/FdSymbolB/m/n' will be
(Font)              scaled to size 12.0pt on input line 78.
LaTeX Font Info:    Font shape `U/FdSymbolB/m/n' will be
(Font)              scaled to size 10.0pt on input line 78.
LaTeX Font Info:    Font shape `U/FdSymbolC/m/n' will be
(Font)              scaled to size 17.28pt on input line 78.
LaTeX Font Info:    Font shape `U/FdSymbolC/m/n' will be
(Font)              scaled to size 12.0pt on input line 78.
LaTeX Font Info:    Font shape `U/FdSymbolC/m/n' will be
(Font)              scaled to size 10.0pt on input line 78.
LaTeX Font Info:    Font shape `U/FdSymbolD/m/n' will be
(Font)              scaled to size 17.28pt on input line 78.
LaTeX Font Info:    Font shape `U/FdSymbolD/m/n' will be
(Font)              scaled to size 12.0pt on input line 78.
LaTeX Font Info:    Font shape `U/FdSymbolD/m/n' will be
(Font)              scaled to size 10.0pt on input line 78.
LaTeX Font Info:    Font shape `U/FdSymbolF/m/n' will be
(Font)              scaled to size 17.28pt on input line 78.
LaTeX Font Info:    Font shape `U/FdSymbolF/m/n' will be
(Font)              scaled to size 12.0pt on input line 78.
LaTeX Font Info:    Font shape `U/FdSymbolF/m/n' will be
(Font)              scaled to size 10.0pt on input line 78.
LaTeX Font Info:    Trying to load font information for TU+lmm on input line 78
.

(/usr/share/texlive/texmf-dist/tex/lualatex/lua-unicode-math/tulmm.fd
File: tulmm.fd 2026-01-15 v0.6 NFSS font definitions for Latin Modern Math
)
LaTeX Font Info:    Trying to load font information for TU+lmm-sf on input line
 78.

(/usr/share/texlive/texmf-dist/tex/lualatex/lua-unicode-math/tulmm-sf.fd
File: tulmm-sf.fd 2026-01-15 v0.6 NFSS font definitions for Latin Modern Math S
cript
)
LaTeX Font Info:    Trying to load font information for TU+lmm-ssf on input lin
e 78.

(/usr/share/texlive/texmf-dist/tex/lualatex/lua-unicode-math/tulmm-ssf.fd
File: tulmm-ssf.fd 2026-01-15 v0.6 NFSS font definitions for Latin Modern Math 
Subscript
)
LaTeX Font Info:    Font shape `U/FdSymbolA/m/n' will be
(Font)              scaled to size 8.0pt on input line 78.
LaTeX Font Info:    Font shape `U/FdSymbolA/m/n' will be
(Font)              scaled to size 6.0pt on input line 78.
LaTeX Font Info:    Font shape `U/FdSymbolE/m/n' will be
(Font)              scaled to size 8.0pt on input line 78.
LaTeX Font Info:    Font shape `U/FdSymbolE/m/n' will be
(Font)              scaled to size 6.0pt on input line 78.
LaTeX Font Info:    Font shape `U/FdSymbolB/m/n' will be
(Font)              scaled to size 8.0pt on input line 78.
LaTeX Font Info:    Font shape `U/FdSymbolB/m/n' will be
(Font)              scaled to size 6.0pt on input line 78.
LaTeX Font Info:    Font shape `U/FdSymbolC/m/n' will be
(Font)              scaled to size 8.0pt on input line 78.
LaTeX Font Info:    Font shape `U/FdSymbolC/m/n' will be
(Font)              scaled to size 6.0pt on input line 78.
LaTeX Font Info:    Font shape `U/FdSymbolD/m/n' will be
(Font)              scaled to size 8.0pt on input line 78.
LaTeX Font Info:    Font shape `U/FdSymbolD/m/n' will be
(Font)              scaled to size 6.0pt on input line 78.
LaTeX Font Info:    Font shape `U/FdSymbolF/m/n' will be
(Font)              scaled to size 8.0pt on input line 78.
LaTeX Font Info:    Font shape `U/FdSymbolF/m/n' will be
(Font)              scaled to size 6.0pt on input line 78.
LaTeX Font Info:    Font shape `U/FdSymbolA/m/n' will be
(Font)              scaled to size 9.0pt on input line 81.
LaTeX Font Info:    Font shape `U/FdSymbolA/m/n' will be
(Font)              scaled to size 5.0pt on input line 81.
LaTeX Font Info:    Font shape `U/FdSymbolE/m/n' will be
(Font)              scaled to size 9.0pt on input line 81.
LaTeX Font Info:    Font shape `U/FdSymbolE/m/n' will be
(Font)              scaled to size 5.0pt on input line 81.
LaTeX Font Info:    Font shape `U/FdSymbolB/m/n' will be
(Font)              scaled to size 9.0pt on input line 81.
LaTeX Font Info:    Font shape `U/FdSymbolB/m/n' will be
(Font)              scaled to size 5.0pt on input line 81.
LaTeX Font Info:    Font shape `U/FdSymbolC/m/n' will be
(Font)              scaled to size 9.0pt on input line 81.
LaTeX Font Info:    Font shape `U/FdSymbolC/m/n' will be
(Font)              scaled to size 5.0pt on input line 81.
LaTeX Font Info:    Font shape `U/FdSymbolD/m/n' will be
(Font)              scaled to size 9.0pt on input line 81.
LaTeX Font Info:    Font shape `U/FdSymbolD/m/n' will be
(Font)              scaled to size 5.0pt on input line 81.
LaTeX Font Info:    Font shape `U/FdSymbolF/m/n' will be
(Font)              scaled to size 9.0pt on input line 81.
LaTeX Font Info:    Font shape `U/FdSymbolF/m/n' will be
(Font)              scaled to size 5.0pt on input line 81.

(./graph-theory-symbol.toc)
\tf@toc=\write7

\openout7 = graph-theory-symbol.toc
LaTeX Font Info:    Font shape `U/FdSymbolA/m/n' will be
(Font)              scaled to size 7.0pt on input line 90.
LaTeX Font Info:    Font shape `U/FdSymbolE/m/n' will be
(Font)              scaled to size 7.0pt on input line 90.
LaTeX Font Info:    Font shape `U/FdSymbolB/m/n' will be
(Font)              scaled to size 7.0pt on input line 90.
LaTeX Font Info:    Font shape `U/FdSymbolC/m/n' will be
(Font)              scaled to size 7.0pt on input line 90.
LaTeX Font Info:    Font shape `U/FdSymbolD/m/n' will be
(Font)              scaled to size 7.0pt on input line 90.
LaTeX Font Info:    Font shape `U/FdSymbolF/m/n' will be
(Font)              scaled to size 7.0pt on input line 90.
 [1

{/var/lib/texmf/fonts/map/pdftex/updmap/pdftex.map}]

LaTeX Warning: Marginpar on page 2 moved.


LaTeX Warning: Marginpar on page 2 moved.


LaTeX Warning: Marginpar on page 2 moved.


LaTeX Warning: Marginpar on page 2 moved.


LaTeX Warning: Marginpar on page 2 moved.


LaTeX Warning: Marginpar on page 2 moved.


LaTeX Warning: Marginpar on page 2 moved.


LaTeX Warning: Marginpar on page 2 moved.


LaTeX Warning: Marginpar on page 2 moved.


LaTeX Warning: Marginpar on page 2 moved.


LaTeX Warning: Marginpar on page 2 moved.


LaTeX Warning: Marginpar on page 2 moved.


LaTeX Warning: Marginpar on page 2 moved.


LaTeX Warning: Marginpar on page 2 moved.


LaTeX Warning: Marginpar on page 2 moved.


LaTeX Warning: Marginpar on page 2 moved.


LaTeX Warning: Marginpar on page 2 moved.


LaTeX Warning: Marginpar on page 2 moved.


LaTeX Warning: Marginpar on page 2 moved.

[2]

LaTeX Warning: Marginpar on page 3 moved.


LaTeX Warning: Marginpar on page 3 moved.


Underfull \hbox (badness 10000) in paragraph at lines 301--311

 []


LaTeX Warning: Marginpar on page 3 moved.


LaTeX Warning: Marginpar on page 3 moved.


LaTeX Warning: Marginpar on page 3 moved.


LaTeX Warning: Marginpar on page 3 moved.


LaTeX Warning: Marginpar on page 3 moved.


LaTeX Warning: Marginpar on page 3 moved.


LaTeX Warning: Marginpar on page 3 moved.


LaTeX Warning: Marginpar on page 3 moved.


LaTeX Warning: Marginpar on page 3 moved.


LaTeX Warning: Marginpar on page 3 moved.


LaTeX Warning: Marginpar on page 3 moved.


LaTeX Warning: Marginpar on page 3 moved.


LaTeX Warning: Marginpar on page 3 moved.


LaTeX Warning: Marginpar on page 3 moved.


LaTeX Warning: Marginpar on page 3 moved.


LaTeX Warning: Marginpar on page 3 moved.


LaTeX Warning: Marginpar on page 3 moved.


LaTeX Warning: Marginpar on page 3 moved.


LaTeX Warning: Marginpar on page 3 moved.


LaTeX Warning: Marginpar on page 3 moved.

[3]

LaTeX Warning: Marginpar on page 4 moved.


LaTeX Warning: Marginpar on page 4 moved.


LaTeX Warning: Marginpar on page 4 moved.


LaTeX Warning: Marginpar on page 4 moved.


LaTeX Warning: Marginpar on page 4 moved.


LaTeX Warning: Marginpar on page 4 moved.


LaTeX Warning: Marginpar on page 4 moved.


LaTeX Warning: Marginpar on page 4 moved.


LaTeX Warning: Marginpar on page 4 moved.


LaTeX Warning: Marginpar on page 4 moved.


LaTeX Warning: Marginpar on page 4 moved.


Overfull \hbox (3.4294pt too wide) in paragraph at lines 532--546
[]\TU/lmtt/m/n/10 A.\GTSnegatedDirectedAdjacencyDownMonochrome/A. \TU/lmr/m/n/1
0 or []\TU/lmtt/m/n/10 A.\GTSnDADM/A. \TU/lmr/m/n/10 will yield A.[]A. 
 []


LaTeX Warning: Marginpar on page 4 moved.


LaTeX Warning: Marginpar on page 4 moved.


Overfull \hbox (0.3014pt too wide) in paragraph at lines 548--561
[]\TU/lmtt/m/n/10 $u\GTSnegatedDirectedAdjacencyDownMonochromeRelation/v$ \TU/l
mr/m/n/10 or []\TU/lmtt/m/n/10 $u\GTSnDADMR/v$ \TU/lmr/m/n/10 will
 []


LaTeX Warning: Marginpar on page 4 moved.


LaTeX Warning: Marginpar on page 4 moved.


LaTeX Warning: Marginpar on page 4 moved.


LaTeX Warning: Marginpar on page 4 moved.


LaTeX Warning: Marginpar on page 4 moved.


LaTeX Warning: Marginpar on page 4 moved.


LaTeX Warning: Marginpar on page 4 moved.


LaTeX Warning: Marginpar on page 4 moved.


LaTeX Warning: Marginpar on page 4 moved.


LaTeX Warning: Marginpar on page 4 moved.


LaTeX Warning: Marginpar on page 4 moved.


LaTeX Warning: Marginpar on page 4 moved.


Overfull \hbox (1.57516pt too wide) in paragraph at lines 628--628
 []|[]\TU/lmtt/m/n/9 \GTSoutIncidenceMonochrome-
 []


LaTeX Warning: Marginpar on page 4 moved.


LaTeX Warning: Marginpar on page 4 moved.

[4]

LaTeX Warning: Marginpar on page 5 moved.


LaTeX Warning: Marginpar on page 5 moved.


LaTeX Warning: Marginpar on page 5 moved.


LaTeX Warning: Marginpar on page 5 moved.


LaTeX Warning: Marginpar on page 5 moved.


LaTeX Warning: Marginpar on page 5 moved.


LaTeX Warning: Marginpar on page 5 moved.


LaTeX Warning: Marginpar on page 5 moved.


LaTeX Warning: Marginpar on page 5 moved.


LaTeX Warning: Marginpar on page 5 moved.


LaTeX Warning: Marginpar on page 5 moved.

[5] [6] [7] [8] [9] [10] [11] [12] (./graph-theory-symbol.gls)
(./graph-theory-symbol.ind [13] [14])) [15] (./graph-theory-symbol.aux)
 ***********
LaTeX2e <2025-11-01>
L3 programming layer <2026-01-19>
 ***********


Package rerunfilecheck Warning: File `graph-theory-symbol.out' has changed.
(rerunfilecheck)                Rerun to get outlines right
(rerunfilecheck)                or use package `bookmark'.

Package rerunfilecheck Info: Checksums for `graph-theory-symbol.out':
(rerunfilecheck)             Before: E854E01216BDFBD949FA5640C76A6AAE;534
(rerunfilecheck)             After:  78B6C55D75B9F5C3259D2C5D267816A9;663.

Package rerunfilecheck Warning: File `graph-theory-symbol.hd' has changed. Reru
n.

Package rerunfilecheck Info: Checksums for `graph-theory-symbol.hd':
(rerunfilecheck)             Before: D41D8CD98F00B204E9800998ECF8427E;0
(rerunfilecheck)             After:  04457050101D0376696A2C3278DEA63C;2221.
)

Here is how much of LuaTeX's memory you used:
 18240 strings out of 476076
 156265,662416 words of node,token memory allocated
 652 words of node memory still in use:
   7 hlist, 2 vlist, 2 rule, 2 glue, 4 kern, 1 glyph, 7 attribute, 83 glue_spec,
 7 attribute_list, 1 write nodes
   avail lists: 2:4565,3:1933,4:844,5:780,6:312,7:12659,8:46,9:3908,10:21,11:374

 40005 multiletter control sequences out of 65536+600000
 129 fonts using 19294799 bytes
 86i,11n,88p,269b,597s stack positions out of 10000i,1000n,20000p,200000b,200000s

warning  (pdf backend): unreferenced destination with name 'HD.325'

warning  (pdf backend): unreferenced destination with name 'HD.22'

warning  (pdf backend): unreferenced destination with name 'HD.324'

warning  (pdf backend): unreferenced destination with name 'HD.20'

warning  (pdf backend): unreferenced destination with name 'HD.128'

warning  (pdf backend): unreferenced destination with name 'HD.553'

warning  (pdf backend): unreferenced destination with name 'HD.122'

warning  (pdf backend): unreferenced destination with name 'HD.315'

warning  (pdf backend): unreferenced destination with name 'HD.16'

warning  (pdf backend): unreferenced destination with name 'HD.551'

warning  (pdf backend): unreferenced destination with name 'HD.129'

warning  (pdf backend): unreferenced destination with name 'HD.124'

warning  (pdf backend): unreferenced destination with name 'HD.316'

warning  (pdf backend): unreferenced destination with name 'HD.18'

warning  (pdf backend): unreferenced destination with name 'HD.634'

warning  (pdf backend): unreferenced destination with name 'HD.526'

warning  (pdf backend): unreferenced destination with name 'HD.255'

warning  (pdf backend): unreferenced destination with name 'HD.6'

warning  (pdf backend): unreferenced destination with name 'HD.633'

warning  (pdf backend): unreferenced destination with name 'HD.525'

warning  (pdf backend): unreferenced destination with name 'HD.249'

warning  (pdf backend): unreferenced destination with name 'HD.4'

warning  (pdf backend): unreferenced destination with name 'HD.83'

warning  (pdf backend): unreferenced destination with name 'HD.198'

warning  (pdf backend): unreferenced destination with name 'HD.686'

warning  (pdf backend): unreferenced destination with name 'HD.678'

warning  (pdf backend): unreferenced destination with name 'HD.192'

warning  (pdf backend): unreferenced destination with name 'HD.479'

warning  (pdf backend): unreferenced destination with name 'HD.472'

warning  (pdf backend): unreferenced destination with name 'HD.79'

warning  (pdf backend): unreferenced destination with name 'HD.85'

warning  (pdf backend): unreferenced destination with name 'HD.676'

warning  (pdf backend): unreferenced destination with name 'HD.199'

warning  (pdf backend): unreferenced destination with name 'HD.194'

warning  (pdf backend): unreferenced destination with name 'HD.81'

warning  (pdf backend): unreferenced destination with name 'HD.94'

warning  (pdf backend): unreferenced destination with name 'HD.209'

warning  (pdf backend): unreferenced destination with name 'HD.204'

warning  (pdf backend): unreferenced destination with name 'HD.89'

warning  (pdf backend): unreferenced destination with name 'HD.77'

warning  (pdf backend): unreferenced destination with name 'HD.190'

warning  (pdf backend): unreferenced destination with name 'HD.185'

warning  (pdf backend): unreferenced destination with name 'HD.111'

warning  (pdf backend): unreferenced destination with name 'HD.228'

warning  (pdf backend): unreferenced destination with name 'HD.223'

warning  (pdf backend): unreferenced destination with name 'HD.106'

warning  (pdf backend): unreferenced destination with name 'HD.72'

warning  (pdf backend): unreferenced destination with name 'HD.486'

warning  (pdf backend): unreferenced destination with name 'HD.93'

warning  (pdf backend): unreferenced destination with name 'HD.693'

warning  (pdf backend): unreferenced destination with name 'HD.208'

warning  (pdf backend): unreferenced destination with name 'HD.695'

warning  (pdf backend): unreferenced destination with name 'HD.683'

warning  (pdf backend): unreferenced destination with name 'HD.203'

warning  (pdf backend): unreferenced destination with name 'HD.488'

warning  (pdf backend): unreferenced destination with name 'HD.87'

warning  (pdf backend): unreferenced destination with name 'HD.517'

warning  (pdf backend): unreferenced destination with name 'HD.110'

warning  (pdf backend): unreferenced destination with name 'HD.726'

warning  (pdf backend): unreferenced destination with name 'HD.227'

warning  (pdf backend): unreferenced destination with name 'HD.728'

warning  (pdf backend): unreferenced destination with name 'HD.716'

warning  (pdf backend): unreferenced destination with name 'HD.222'

warning  (pdf backend): unreferenced destination with name 'HD.519'

warning  (pdf backend): unreferenced destination with name 'HD.104'

warning  (pdf backend): unreferenced destination with name 'HD.455'

warning  (pdf backend): unreferenced destination with name 'HD.76'

warning  (pdf backend): unreferenced destination with name 'HD.660'

warning  (pdf backend): unreferenced destination with name 'HD.189'

warning  (pdf backend): unreferenced destination with name 'HD.662'

warning  (pdf backend): unreferenced destination with name 'HD.650'

warning  (pdf backend): unreferenced destination with name 'HD.184'

warning  (pdf backend): unreferenced destination with name 'HD.457'

warning  (pdf backend): unreferenced destination with name 'HD.70'

warning  (pdf backend): unreferenced destination with name 'HD.40'

warning  (pdf backend): unreferenced destination with name 'HD.149'

warning  (pdf backend): unreferenced destination with name 'HD.588'

warning  (pdf backend): unreferenced destination with name 'HD.143'

warning  (pdf backend): unreferenced destination with name 'HD.358'

warning  (pdf backend): unreferenced destination with name 'HD.35'

warning  (pdf backend): unreferenced destination with name 'HD.59'

warning  (pdf backend): unreferenced destination with name 'HD.628'

warning  (pdf backend): unreferenced destination with name 'HD.591'

warning  (pdf backend): unreferenced destination with name 'HD.170'

warning  (pdf backend): unreferenced destination with name 'HD.625'

warning  (pdf backend): unreferenced destination with name 'HD.164'

warning  (pdf backend): unreferenced destination with name 'HD.391'

warning  (pdf backend): unreferenced destination with name 'HD.54'

warning  (pdf backend): unreferenced destination with name 'HD.356'

warning  (pdf backend): unreferenced destination with name 'HD.41'

warning  (pdf backend): unreferenced destination with name 'HD.586'

warning  (pdf backend): unreferenced destination with name 'HD.150'

warning  (pdf backend): unreferenced destination with name 'HD.575'

warning  (pdf backend): unreferenced destination with name 'HD.144'

warning  (pdf backend): unreferenced destination with name 'HD.346'

warning  (pdf backend): unreferenced destination with name 'HD.36'

warning  (pdf backend): unreferenced destination with name 'HD.389'

warning  (pdf backend): unreferenced destination with name 'HD.60'

warning  (pdf backend): unreferenced destination with name 'HD.623'

warning  (pdf backend): unreferenced destination with name 'HD.171'

warning  (pdf backend): unreferenced destination with name 'HD.612'

warning  (pdf backend): unreferenced destination with name 'HD.165'

warning  (pdf backend): unreferenced destination with name 'HD.379'

warning  (pdf backend): unreferenced destination with name 'HD.55'

warning  (pdf backend): unreferenced destination with name 'HD.68'

warning  (pdf backend): unreferenced destination with name 'HD.100'

warning  (pdf backend): unreferenced destination with name 'HD.217'

warning  (pdf backend): unreferenced destination with name 'HD.719'

warning  (pdf backend): unreferenced destination with name 'HD.711'

warning  (pdf backend): unreferenced destination with name 'HD.211'

warning  (pdf backend): unreferenced destination with name 'HD.510'

warning  (pdf backend): unreferenced destination with name 'HD.503'

warning  (pdf backend): unreferenced destination with name 'HD.96'

warning  (pdf backend): unreferenced destination with name 'HD.66'

warning  (pdf backend): unreferenced destination with name 'HD.179'

warning  (pdf backend): unreferenced destination with name 'HD.702'

warning  (pdf backend): unreferenced destination with name 'HD.669'

warning  (pdf backend): unreferenced destination with name 'HD.653'

warning  (pdf backend): unreferenced destination with name 'HD.645'

warning  (pdf backend): unreferenced destination with name 'HD.173'

warning  (pdf backend): unreferenced destination with name 'HD.635'

warning  (pdf backend): unreferenced destination with name 'HD.495'

warning  (pdf backend): unreferenced destination with name 'HD.464'

warning  (pdf backend): unreferenced destination with name 'HD.448'

warning  (pdf backend): unreferenced destination with name 'HD.62'

warning  (pdf backend): unreferenced destination with name 'HD.643'

warning  (pdf backend): unreferenced destination with name 'HD.180'

warning  (pdf backend): unreferenced destination with name 'HD.175'

warning  (pdf backend): unreferenced destination with name 'HD.102'

warning  (pdf backend): unreferenced destination with name 'HD.709'

warning  (pdf backend): unreferenced destination with name 'HD.218'

warning  (pdf backend): unreferenced destination with name 'HD.213'

warning  (pdf backend): unreferenced destination with name 'HD.98'

warning  (pdf backend): unreferenced destination with name 'HD.64'

warning  (pdf backend): unreferenced destination with name 'HD.30'

warning  (pdf backend): unreferenced destination with name 'HD.138'

warning  (pdf backend): unreferenced destination with name 'HD.578'

warning  (pdf backend): unreferenced destination with name 'HD.570'

warning  (pdf backend): unreferenced destination with name 'HD.133'

warning  (pdf backend): unreferenced destination with name 'HD.349'

warning  (pdf backend): unreferenced destination with name 'HD.341'

warning  (pdf backend): unreferenced destination with name 'HD.328'

warning  (pdf backend): unreferenced destination with name 'HD.24'

warning  (pdf backend): unreferenced destination with name 'HD.49'

warning  (pdf backend): unreferenced destination with name 'HD.159'

warning  (pdf backend): unreferenced destination with name 'HD.615'

warning  (pdf backend): unreferenced destination with name 'HD.607'

warning  (pdf backend): unreferenced destination with name 'HD.154'

warning  (pdf backend): unreferenced destination with name 'HD.382'

warning  (pdf backend): unreferenced destination with name 'HD.374'

warning  (pdf backend): unreferenced destination with name 'HD.43'

warning  (pdf backend): unreferenced destination with name 'HD.339'

warning  (pdf backend): unreferenced destination with name 'HD.31'

warning  (pdf backend): unreferenced destination with name 'HD.568'

warning  (pdf backend): unreferenced destination with name 'HD.139'

warning  (pdf backend): unreferenced destination with name 'HD.558'

warning  (pdf backend): unreferenced destination with name 'HD.134'

warning  (pdf backend): unreferenced destination with name 'HD.329'

warning  (pdf backend): unreferenced destination with name 'HD.26'

warning  (pdf backend): unreferenced destination with name 'HD.372'

warning  (pdf backend): unreferenced destination with name 'HD.50'

warning  (pdf backend): unreferenced destination with name 'HD.605'

warning  (pdf backend): unreferenced destination with name 'HD.160'

warning  (pdf backend): unreferenced destination with name 'HD.595'

warning  (pdf backend): unreferenced destination with name 'HD.155'

warning  (pdf backend): unreferenced destination with name 'HD.45'

warning  (pdf backend): unreferenced destination with name 'HD.312'

warning  (pdf backend): unreferenced destination with name 'HD.14'

warning  (pdf backend): unreferenced destination with name 'HD.120'

warning  (pdf backend): unreferenced destination with name 'HD.115'

warning  (pdf backend): unreferenced destination with name 'HD.311'

warning  (pdf backend): unreferenced destination with name 'HD.12'

warning  (pdf backend): unreferenced destination with name 'HD.535'

warning  (pdf backend): unreferenced destination with name 'HD.119'

warning  (pdf backend): unreferenced destination with name 'HD.598'

warning  (pdf backend): unreferenced destination with name 'HD.561'

warning  (pdf backend): unreferenced destination with name 'HD.544'

warning  (pdf backend): unreferenced destination with name 'HD.537'

warning  (pdf backend): unreferenced destination with name 'HD.113'

warning  (pdf backend): unreferenced destination with name 'HD.527'

warning  (pdf backend): unreferenced destination with name 'HD.365'

warning  (pdf backend): unreferenced destination with name 'HD.332'

warning  (pdf backend): unreferenced destination with name 'HD.319'

warning  (pdf backend): unreferenced destination with name 'HD.261'

warning  (pdf backend): unreferenced destination with name 'HD.8'

warning  (pdf backend): unreferenced destination with name 'HD.262'

warning  (pdf backend): unreferenced destination with name 'HD.10'

warning  (pdf backend): unreferenced destination with name 'HD.257'

warning  (pdf backend): unreferenced destination with name 'HD.637'

warning  (pdf backend): unreferenced destination with name 'HD.529'

warning  (pdf backend): unreferenced destination with name 'HD.240'

warning  (pdf backend): unreferenced destination with name 'HD.425'

warning  (pdf backend): unreferenced destination with name 'HD.419'

warning  (pdf backend): unreferenced destination with name 'HD.409'

warning  (pdf backend): unreferenced destination with name 'HD.405'

warning  (pdf backend): unreferenced destination with name 'HD.401'

warning  (pdf backend): unreferenced destination with name 'HD.284'

warning  (pdf backend): unreferenced destination with name 'HD.280'

warning  (pdf backend): unreferenced destination with name 'HD.272'

warning  (pdf backend): unreferenced destination with name 'HD.268'

warning  (pdf backend): unreferenced destination with name 'HD.259'

warning  (pdf backend): unreferenced destination with name 'HD.258'

warning  (pdf backend): unreferenced destination with name 'HD.238'

warning  (pdf backend): unreferenced destination with name 'HD.730'

warning  (pdf backend): unreferenced destination with name 'HD.727'

warning  (pdf backend): unreferenced destination with name 'HD.723'

warning  (pdf backend): unreferenced destination with name 'HD.717'

warning  (pdf backend): unreferenced destination with name 'HD.713'

warning  (pdf backend): unreferenced destination with name 'HD.710'

warning  (pdf backend): unreferenced destination with name 'HD.706'

warning  (pdf backend): unreferenced destination with name 'HD.700'

warning  (pdf backend): unreferenced destination with name 'HD.697'

warning  (pdf backend): unreferenced destination with name 'HD.694'

warning  (pdf backend): unreferenced destination with name 'HD.690'

warning  (pdf backend): unreferenced destination with name 'HD.684'

warning  (pdf backend): unreferenced destination with name 'HD.680'

warning  (pdf backend): unreferenced destination with name 'HD.677'

warning  (pdf backend): unreferenced destination with name 'HD.673'

warning  (pdf backend): unreferenced destination with name 'HD.667'

warning  (pdf backend): unreferenced destination with name 'HD.664'

warning  (pdf backend): unreferenced destination with name 'HD.661'

warning  (pdf backend): unreferenced destination with name 'HD.657'

warning  (pdf backend): unreferenced destination with name 'HD.651'

warning  (pdf backend): unreferenced destination with name 'HD.647'

warning  (pdf backend): unreferenced destination with name 'HD.644'

warning  (pdf backend): unreferenced destination with name 'HD.640'

warning  (pdf backend): unreferenced destination with name 'HD.632'

warning  (pdf backend): unreferenced destination with name 'HD.627'

warning  (pdf backend): unreferenced destination with name 'HD.624'

warning  (pdf backend): unreferenced destination with name 'HD.619'

warning  (pdf backend): unreferenced destination with name 'HD.613'

warning  (pdf backend): unreferenced destination with name 'HD.609'

warning  (pdf backend): unreferenced destination with name 'HD.606'

warning  (pdf backend): unreferenced destination with name 'HD.602'

warning  (pdf backend): unreferenced destination with name 'HD.596'

warning  (pdf backend): unreferenced destination with name 'HD.590'

warning  (pdf backend): unreferenced destination with name 'HD.587'

warning  (pdf backend): unreferenced destination with name 'HD.582'

warning  (pdf backend): unreferenced destination with name 'HD.576'

warning  (pdf backend): unreferenced destination with name 'HD.572'

warning  (pdf backend): unreferenced destination with name 'HD.569'

warning  (pdf backend): unreferenced destination with name 'HD.565'

warning  (pdf backend): unreferenced destination with name 'HD.559'

warning  (pdf backend): unreferenced destination with name 'HD.555'

warning  (pdf backend): unreferenced destination with name 'HD.552'

warning  (pdf backend): unreferenced destination with name 'HD.548'

warning  (pdf backend): unreferenced destination with name 'HD.542'

warning  (pdf backend): unreferenced destination with name 'HD.539'

warning  (pdf backend): unreferenced destination with name 'HD.536'

warning  (pdf backend): unreferenced destination with name 'HD.532'

warning  (pdf backend): unreferenced destination with name 'HD.524'

warning  (pdf backend): unreferenced destination with name 'HD.521'

warning  (pdf backend): unreferenced destination with name 'HD.518'

warning  (pdf backend): unreferenced destination with name 'HD.514'

warning  (pdf backend): unreferenced destination with name 'HD.508'

warning  (pdf backend): unreferenced destination with name 'HD.505'

warning  (pdf backend): unreferenced destination with name 'HD.502'

warning  (pdf backend): unreferenced destination with name 'HD.499'

warning  (pdf backend): unreferenced destination with name 'HD.493'

warning  (pdf backend): unreferenced destination with name 'HD.490'

warning  (pdf backend): unreferenced destination with name 'HD.487'

warning  (pdf backend): unreferenced destination with name 'HD.483'

warning  (pdf backend): unreferenced destination with name 'HD.477'

warning  (pdf backend): unreferenced destination with name 'HD.474'

warning  (pdf backend): unreferenced destination with name 'HD.471'

warning  (pdf backend): unreferenced destination with name 'HD.468'

warning  (pdf backend): unreferenced destination with name 'HD.462'

warning  (pdf backend): unreferenced destination with name 'HD.459'

warning  (pdf backend): unreferenced destination with name 'HD.456'

warning  (pdf backend): unreferenced destination with name 'HD.452'

warning  (pdf backend): unreferenced destination with name 'HD.446'

warning  (pdf backend): unreferenced destination with name 'HD.443'

warning  (pdf backend): unreferenced destination with name 'HD.442'

warning  (pdf backend): unreferenced destination with name 'HD.439'

warning  (pdf backend): unreferenced destination with name 'HD.396'

warning  (pdf backend): unreferenced destination with name 'HD.393'

warning  (pdf backend): unreferenced destination with name 'HD.390'

warning  (pdf backend): unreferenced destination with name 'HD.386'

warning  (pdf backend): unreferenced destination with name 'HD.380'

warning  (pdf backend): unreferenced destination with name 'HD.376'

warning  (pdf backend): unreferenced destination with name 'HD.373'

warning  (pdf backend): unreferenced destination with name 'HD.369'

warning  (pdf backend): unreferenced destination with name 'HD.363'

warning  (pdf backend): unreferenced destination with name 'HD.360'

warning  (pdf backend): unreferenced destination with name 'HD.357'

warning  (pdf backend): unreferenced destination with name 'HD.353'

warning  (pdf backend): unreferenced destination with name 'HD.347'

warning  (pdf backend): unreferenced destination with name 'HD.343'

warning  (pdf backend): unreferenced destination with name 'HD.340'

warning  (pdf backend): unreferenced destination with name 'HD.336'

warning  (pdf backend): unreferenced destination with name 'HD.330'

warning  (pdf backend): unreferenced destination with name 'HD.327'

warning  (pdf backend): unreferenced destination with name 'HD.326'

warning  (pdf backend): unreferenced destination with name 'HD.323'

warning  (pdf backend): unreferenced destination with name 'HD.317'

warning  (pdf backend): unreferenced destination with name 'HD.314'

warning  (pdf backend): unreferenced destination with name 'HD.313'

warning  (pdf backend): unreferenced destination with name 'HD.310'

warning  (pdf backend): unreferenced destination with name 'HD.263'

warning  (pdf backend): unreferenced destination with name 'HD.245'

warning  (pdf backend): unreferenced destination with name 'HD.2'

warning  (pdf backend): unreferenced destination with name 'HD.251'

warning  (pdf backend): unreferenced destination with name 'HD.636'

warning  (pdf backend): unreferenced destination with name 'HD.528'

warning  (pdf backend): unreferenced destination with name 'HD.239'

warning  (pdf backend): unreferenced destination with name 'HD.413'

warning  (pdf backend): unreferenced destination with name 'HD.296'

warning  (pdf backend): unreferenced destination with name 'HD.290'

warning  (pdf backend): unreferenced destination with name 'HD.276'

warning  (pdf backend): unreferenced destination with name 'HD.253'

warning  (pdf backend): unreferenced destination with name 'HD.252'

warning  (pdf backend): unreferenced destination with name 'HD.237'

warning  (pdf backend): unreferenced destination with name 'HD.670'

warning  (pdf backend): unreferenced destination with name 'HD.668'

warning  (pdf backend): unreferenced destination with name 'HD.562'

warning  (pdf backend): unreferenced destination with name 'HD.560'

warning  (pdf backend): unreferenced destination with name 'HD.465'

warning  (pdf backend): unreferenced destination with name 'HD.463'

warning  (pdf backend): unreferenced destination with name 'HD.416'

warning  (pdf backend): unreferenced destination with name 'HD.333'

warning  (pdf backend): unreferenced destination with name 'HD.331'

warning  (pdf backend): unreferenced destination with name 'HD.287'

warning  (pdf backend): unreferenced destination with name 'HD.242'

warning  (pdf backend): unreferenced destination with name 'HD.720'

warning  (pdf backend): unreferenced destination with name 'HD.718'

warning  (pdf backend): unreferenced destination with name 'HD.687'

warning  (pdf backend): unreferenced destination with name 'HD.685'

warning  (pdf backend): unreferenced destination with name 'HD.654'

warning  (pdf backend): unreferenced destination with name 'HD.652'

warning  (pdf backend): unreferenced destination with name 'HD.616'

warning  (pdf backend): unreferenced destination with name 'HD.614'

warning  (pdf backend): unreferenced destination with name 'HD.579'

warning  (pdf backend): unreferenced destination with name 'HD.577'

warning  (pdf backend): unreferenced destination with name 'HD.545'

warning  (pdf backend): unreferenced destination with name 'HD.543'

warning  (pdf backend): unreferenced destination with name 'HD.511'

warning  (pdf backend): unreferenced destination with name 'HD.509'

warning  (pdf backend): unreferenced destination with name 'HD.480'

warning  (pdf backend): unreferenced destination with name 'HD.478'

warning  (pdf backend): unreferenced destination with name 'HD.449'

warning  (pdf backend): unreferenced destination with name 'HD.447'

warning  (pdf backend): unreferenced destination with name 'HD.428'

warning  (pdf backend): unreferenced destination with name 'HD.383'

warning  (pdf backend): unreferenced destination with name 'HD.381'

warning  (pdf backend): unreferenced destination with name 'HD.350'

warning  (pdf backend): unreferenced destination with name 'HD.348'

warning  (pdf backend): unreferenced destination with name 'HD.320'

warning  (pdf backend): unreferenced destination with name 'HD.318'

warning  (pdf backend): unreferenced destination with name 'HD.299'

warning  (pdf backend): unreferenced destination with name 'HD.241'

warning  (pdf backend): unreferenced destination with name 'HD.703'

warning  (pdf backend): unreferenced destination with name 'HD.701'

warning  (pdf backend): unreferenced destination with name 'HD.599'

warning  (pdf backend): unreferenced destination with name 'HD.597'

warning  (pdf backend): unreferenced destination with name 'HD.496'

warning  (pdf backend): unreferenced destination with name 'HD.494'

warning  (pdf backend): unreferenced destination with name 'HD.422'

warning  (pdf backend): unreferenced destination with name 'HD.366'

warning  (pdf backend): unreferenced destination with name 'HD.364'

warning  (pdf backend): unreferenced destination with name 'HD.293'

warning  (pdf backend): unreferenced destination with name 'HD.243'
</usr/share/texmf/fonts/opentype/public/lm/lmroman10-italic.otf></usr/share/texm
f/fonts/opentype/public/lm-math/latinmodern-math.otf></usr/share/texmf/fonts/ope
ntype/public/lm/lmmono9-regular.otf></usr/share/texmf/fonts/opentype/public/lm/l
mmono10-regular.otf></usr/share/texmf/fonts/opentype/public/lm/lmroman7-regular.
otf></usr/share/texmf/fonts/opentype/public/lm/lmroman10-regular.otf></usr/share
/texmf/fonts/opentype/public/lm/lmroman10-bold.otf></usr/share/texmf/fonts/opent
ype/public/lm/lmroman12-bold.otf></usr/share/texmf/fonts/opentype/public/lm/lmro
man6-regular.otf></usr/share/texmf/fonts/opentype/public/lm/lmroman9-regular.otf
></usr/share/texmf/fonts/opentype/public/lm/lmroman9-bold.otf></usr/share/texmf/
fonts/opentype/public/lm/lmroman12-regular.otf></usr/share/texmf/fonts/opentype/
public/lm/lmroman17-regular.otf></usr/share/texmf/fonts/opentype/public/lm/lmsan
s17-regular.otf></usr/share/texlive/texmf-dist/fonts/type1/public/fdsymbol/FdSym
bolA-Book.pfb></usr/share/texlive/texmf-dist/fonts/type1/public/amsfonts/cm/cmss
9.pfb>
Output written on graph-theory-symbol.pdf (15 pages, 145880 bytes).

PDF statistics: 1051 PDF objects out of 1200 (max. 8388607)
 980 compressed objects within 10 object streams
 385 named destinations out of 1000 (max. 131072)
 41 words of extra memory for PDF output out of 10000 (max. 100000000)

